src/renderer/scripts/app.ts(14,5): error TS7034: Variable 'currentProjectPath' implicitly has type 'any' in some locations where its type cannot be determined.
src/renderer/scripts/app.ts(16,5): error TS7034: Variable 'currentFilePath' implicitly has type 'any' in some locations where its type cannot be determined.
src/renderer/scripts/app.ts(23,1): error TS2584: Cannot find name 'document'. Do you need to change your target library? Try changing the 'lib' compiler option to include 'dom'.
src/renderer/scripts/app.ts(27,1): error TS2584: Cannot find name 'document'. Do you need to change your target library? Try changing the 'lib' compiler option to include 'dom'.
src/renderer/scripts/app.ts(31,1): error TS2584: Cannot find name 'document'. Do you need to change your target library? Try changing the 'lib' compiler option to include 'dom'.
src/renderer/scripts/app.ts(39,1): error TS2584: Cannot find name 'document'. Do you need to change your target library? Try changing the 'lib' compiler option to include 'dom'.
src/renderer/scripts/app.ts(39,52): error TS7006: Parameter 'btn' implicitly has an 'any' type.
src/renderer/scripts/app.ts(45,9): error TS2584: Cannot find name 'document'. Do you need to change your target library? Try changing the 'lib' compiler option to include 'dom'.
src/renderer/scripts/app.ts(45,60): error TS7006: Parameter 'b' implicitly has an 'any' type.
src/renderer/scripts/app.ts(49,9): error TS2584: Cannot find name 'document'. Do you need to change your target library? Try changing the 'lib' compiler option to include 'dom'.
src/renderer/scripts/app.ts(49,61): error TS7006: Parameter 'p' implicitly has an 'any' type.
src/renderer/scripts/app.ts(50,29): error TS2584: Cannot find name 'document'. Do you need to change your target library? Try changing the 'lib' compiler option to include 'dom'.
src/renderer/scripts/app.ts(63,27): error TS7006: Parameter 'folderPath' implicitly has an 'any' type.
src/renderer/scripts/app.ts(70,5): error TS2584: Cannot find name 'document'. Do you need to change your target library? Try changing the 'lib' compiler option to include 'dom'.
src/renderer/scripts/app.ts(72,11): error TS2554: Expected 2-3 arguments, but got 1.
src/renderer/scripts/app.ts(76,31): error TS7006: Parameter 'dirPath' implicitly has an 'any' type.
src/renderer/scripts/app.ts(76,40): error TS7006: Parameter 'parentEl' implicitly has an 'any' type.
src/renderer/scripts/app.ts(77,39): error TS2584: Cannot find name 'document'. Do you need to change your target library? Try changing the 'lib' compiler option to include 'dom'.
src/renderer/scripts/app.ts(87,19): error TS7006: Parameter 'a' implicitly has an 'any' type.
src/renderer/scripts/app.ts(87,22): error TS7006: Parameter 'b' implicitly has an 'any' type.
src/renderer/scripts/app.ts(93,37): error TS7006: Parameter 'e' implicitly has an 'any' type.
src/renderer/scripts/app.ts(103,22): error TS2584: Cannot find name 'document'. Do you need to change your target library? Try changing the 'lib' compiler option to include 'dom'.
src/renderer/scripts/app.ts(115,36): error TS2584: Cannot find name 'document'. Do you need to change your target library? Try changing the 'lib' compiler option to include 'dom'.
src/renderer/scripts/app.ts(141,22): error TS7006: Parameter 'entry' implicitly has an 'any' type.
src/renderer/scripts/app.ts(165,12): error TS7053: Element implicitly has an 'any' type because expression of type 'any' can't be used to index type '{ '.java': string; '.sk': string; '.yml': string; '.yaml': string; '.json': string; '.xml': string; '.properties': string; '.md': string; '.txt': string; '.gradle': string; '.js': string; '.ts': string; '.css': string; '.html': string; '.png': string; '.jpg': string; '.gif': string; '.jar': string; }'.
src/renderer/scripts/app.ts(172,25): error TS7006: Parameter 'filePath' implicitly has an 'any' type.
src/renderer/scripts/app.ts(195,17): error TS7006: Parameter 'filePath' implicitly has an 'any' type.
src/renderer/scripts/app.ts(196,20): error TS2584: Cannot find name 'document'. Do you need to change your target library? Try changing the 'lib' compiler option to include 'dom'.
src/renderer/scripts/app.ts(201,17): error TS2584: Cannot find name 'document'. Do you need to change your target library? Try changing the 'lib' compiler option to include 'dom'.
src/renderer/scripts/app.ts(210,36): error TS7006: Parameter 'e' implicitly has an 'any' type.
src/renderer/scripts/app.ts(216,64): error TS7006: Parameter 'e' implicitly has an 'any' type.
src/renderer/scripts/app.ts(224,22): error TS7006: Parameter 'filePath' implicitly has an 'any' type.
src/renderer/scripts/app.ts(226,5): error TS2584: Cannot find name 'document'. Do you need to change your target library? Try changing the 'lib' compiler option to include 'dom'.
src/renderer/scripts/app.ts(226,47): error TS7006: Parameter 't' implicitly has an 'any' type.
src/renderer/scripts/app.ts(229,17): error TS2584: Cannot find name 'document'. Do you need to change your target library? Try changing the 'lib' compiler option to include 'dom'.
src/renderer/scripts/app.ts(229,58): error TS2304: Cannot find name 'CSS'.
src/renderer/scripts/app.ts(235,5): error TS2584: Cannot find name 'document'. Do you need to change your target library? Try changing the 'lib' compiler option to include 'dom'.
src/renderer/scripts/app.ts(236,5): error TS2584: Cannot find name 'document'. Do you need to change your target library? Try changing the 'lib' compiler option to include 'dom'.
src/renderer/scripts/app.ts(240,21): error TS2304: Cannot find name 'window'.
src/renderer/scripts/app.ts(240,44): error TS2304: Cannot find name 'window'.
src/renderer/scripts/app.ts(242,23): error TS2304: Cannot find name 'window'.
src/renderer/scripts/app.ts(245,26): error TS2304: Cannot find name 'window'.
src/renderer/scripts/app.ts(246,9): error TS2304: Cannot find name 'window'.
src/renderer/scripts/app.ts(251,9): error TS2584: Cannot find name 'document'. Do you need to change your target library? Try changing the 'lib' compiler option to include 'dom'.
src/renderer/scripts/app.ts(255,5): error TS2584: Cannot find name 'document'. Do you need to change your target library? Try changing the 'lib' compiler option to include 'dom'.
src/renderer/scripts/app.ts(258,5): error TS2584: Cannot find name 'document'. Do you need to change your target library? Try changing the 'lib' compiler option to include 'dom'.
src/renderer/scripts/app.ts(258,53): error TS7006: Parameter 'item' implicitly has an 'any' type.
src/renderer/scripts/app.ts(263,19): error TS7006: Parameter 'filePath' implicitly has an 'any' type.
src/renderer/scripts/app.ts(264,17): error TS2584: Cannot find name 'document'. Do you need to change your target library? Try changing the 'lib' compiler option to include 'dom'.
src/renderer/scripts/app.ts(264,58): error TS2304: Cannot find name 'CSS'.
src/renderer/scripts/app.ts(269,27): error TS2584: Cannot find name 'document'. Do you need to change your target library? Try changing the 'lib' compiler option to include 'dom'.
src/renderer/scripts/app.ts(284,5): error TS2584: Cannot find name 'document'. Do you need to change your target library? Try changing the 'lib' compiler option to include 'dom'.
src/renderer/scripts/app.ts(284,47): error TS7006: Parameter 't' implicitly has an 'any' type.
src/renderer/scripts/app.ts(285,24): error TS2584: Cannot find name 'document'. Do you need to change your target library? Try changing the 'lib' compiler option to include 'dom'.
src/renderer/scripts/app.ts(288,5): error TS2584: Cannot find name 'document'. Do you need to change your target library? Try changing the 'lib' compiler option to include 'dom'.
src/renderer/scripts/app.ts(289,5): error TS2584: Cannot find name 'document'. Do you need to change your target library? Try changing the 'lib' compiler option to include 'dom'.
src/renderer/scripts/app.ts(290,5): error TS2584: Cannot find name 'document'. Do you need to change your target library? Try changing the 'lib' compiler option to include 'dom'.
src/renderer/scripts/app.ts(295,10): error TS7005: Variable 'currentFilePath' implicitly has an 'any' type.
src/renderer/scripts/app.ts(295,30): error TS2304: Cannot find name 'window'.
src/renderer/scripts/app.ts(297,21): error TS2304: Cannot find name 'window'.
src/renderer/scripts/app.ts(309,1): error TS2304: Cannot find name 'window'.
src/renderer/scripts/app.ts(311,29): error TS7006: Parameter 'filePath' implicitly has an 'any' type.
src/renderer/scripts/app.ts(334,12): error TS7053: Element implicitly has an 'any' type because expression of type 'any' can't be used to index type '{ '.java': string; '.sk': string; '.yml': string; '.yaml': string; '.json': string; '.xml': string; '.properties': string; '.md': string; '.txt': string; '.gradle': string; '.js': string; '.ts': string; '.css': string; '.html': string; ... 4 more ...; '.toml': string; }'.
src/renderer/scripts/app.ts(342,5): error TS2584: Cannot find name 'document'. Do you need to change your target library? Try changing the 'lib' compiler option to include 'dom'.
src/renderer/scripts/app.ts(346,5): error TS2584: Cannot find name 'document'. Do you need to change your target library? Try changing the 'lib' compiler option to include 'dom'.
src/renderer/scripts/app.ts(349,1): error TS2584: Cannot find name 'document'. Do you need to change your target library? Try changing the 'lib' compiler option to include 'dom'.
src/renderer/scripts/app.ts(350,1): error TS2584: Cannot find name 'document'. Do you need to change your target library? Try changing the 'lib' compiler option to include 'dom'.
src/renderer/scripts/app.ts(352,1): error TS2584: Cannot find name 'document'. Do you need to change your target library? Try changing the 'lib' compiler option to include 'dom'.
src/renderer/scripts/app.ts(352,74): error TS7006: Parameter 'e' implicitly has an 'any' type.
src/renderer/scripts/app.ts(357,1): error TS2584: Cannot find name 'document'. Do you need to change your target library? Try changing the 'lib' compiler option to include 'dom'.
src/renderer/scripts/app.ts(357,53): error TS7006: Parameter 'card' implicitly has an 'any' type.
src/renderer/scripts/app.ts(359,9): error TS2584: Cannot find name 'document'. Do you need to change your target library? Try changing the 'lib' compiler option to include 'dom'.
src/renderer/scripts/app.ts(359,61): error TS7006: Parameter 'c' implicitly has an 'any' type.
src/renderer/scripts/app.ts(363,29): error TS2584: Cannot find name 'document'. Do you need to change your target library? Try changing the 'lib' compiler option to include 'dom'.
src/renderer/scripts/app.ts(364,27): error TS2584: Cannot find name 'document'. Do you need to change your target library? Try changing the 'lib' compiler option to include 'dom'.
src/renderer/scripts/app.ts(377,1): error TS2584: Cannot find name 'document'. Do you need to change your target library? Try changing the 'lib' compiler option to include 'dom'.
src/renderer/scripts/app.ts(377,75): error TS7006: Parameter 'e' implicitly has an 'any' type.
src/renderer/scripts/app.ts(379,5): error TS2584: Cannot find name 'document'. Do you need to change your target library? Try changing the 'lib' compiler option to include 'dom'.
src/renderer/scripts/app.ts(383,1): error TS2584: Cannot find name 'document'. Do you need to change your target library? Try changing the 'lib' compiler option to include 'dom'.
src/renderer/scripts/app.ts(384,28): error TS2584: Cannot find name 'document'. Do you need to change your target library? Try changing the 'lib' compiler option to include 'dom'.
src/renderer/scripts/app.ts(386,18): error TS2584: Cannot find name 'document'. Do you need to change your target library? Try changing the 'lib' compiler option to include 'dom'.
src/renderer/scripts/app.ts(387,23): error TS2584: Cannot find name 'document'. Do you need to change your target library? Try changing the 'lib' compiler option to include 'dom'.
src/renderer/scripts/app.ts(388,25): error TS2584: Cannot find name 'document'. Do you need to change your target library? Try changing the 'lib' compiler option to include 'dom'.
src/renderer/scripts/app.ts(400,11): error TS7034: Variable 'deps' implicitly has type 'any[]' in some locations where its type cannot be determined.
src/renderer/scripts/app.ts(401,5): error TS2584: Cannot find name 'document'. Do you need to change your target library? Try changing the 'lib' compiler option to include 'dom'.
src/renderer/scripts/app.ts(401,67): error TS7006: Parameter 'cb' implicitly has an 'any' type.
src/renderer/scripts/app.ts(411,23): error TS7005: Variable 'deps' implicitly has an 'any[]' type.
src/renderer/scripts/app.ts(427,1): error TS2584: Cannot find name 'document'. Do you need to change your target library? Try changing the 'lib' compiler option to include 'dom'.
src/renderer/scripts/app.ts(427,50): error TS7006: Parameter 'tab' implicitly has an 'any' type.
src/renderer/scripts/app.ts(429,9): error TS2584: Cannot find name 'document'. Do you need to change your target library? Try changing the 'lib' compiler option to include 'dom'.
src/renderer/scripts/app.ts(429,58): error TS7006: Parameter 't' implicitly has an 'any' type.
src/renderer/scripts/app.ts(433,9): error TS2584: Cannot find name 'document'. Do you need to change your target library? Try changing the 'lib' compiler option to include 'dom'.
src/renderer/scripts/app.ts(433,64): error TS7006: Parameter 'c' implicitly has an 'any' type.
src/renderer/scripts/app.ts(434,9): error TS2584: Cannot find name 'document'. Do you need to change your target library? Try changing the 'lib' compiler option to include 'dom'.
src/renderer/scripts/app.ts(439,1): error TS2584: Cannot find name 'document'. Do you need to change your target library? Try changing the 'lib' compiler option to include 'dom'.
src/renderer/scripts/app.ts(439,79): error TS7006: Parameter 'e' implicitly has an 'any' type.
src/renderer/scripts/app.ts(450,13): error TS2584: Cannot find name 'document'. Do you need to change your target library? Try changing the 'lib' compiler option to include 'dom'.
src/renderer/scripts/app.ts(460,17): error TS7005: Variable 'currentProjectPath' implicitly has an 'any' type.
src/renderer/scripts/app.ts(478,29): error TS7006: Parameter 'text' implicitly has an 'any' type.
src/renderer/scripts/app.ts(479,20): error TS2584: Cannot find name 'document'. Do you need to change your target library? Try changing the 'lib' compiler option to include 'dom'.
src/renderer/scripts/app.ts(480,18): error TS2584: Cannot find name 'document'. Do you need to change your target library? Try changing the 'lib' compiler option to include 'dom'.
src/renderer/scripts/app.ts(488,1): error TS2584: Cannot find name 'document'. Do you need to change your target library? Try changing the 'lib' compiler option to include 'dom'.
src/renderer/scripts/app.ts(489,19): error TS2584: Cannot find name 'document'. Do you need to change your target library? Try changing the 'lib' compiler option to include 'dom'.
src/renderer/scripts/app.ts(501,27): error TS7006: Parameter 'message' implicitly has an 'any' type.
src/renderer/scripts/app.ts(502,22): error TS2584: Cannot find name 'document'. Do you need to change your target library? Try changing the 'lib' compiler option to include 'dom'.
src/renderer/scripts/app.ts(505,19): error TS2584: Cannot find name 'document'. Do you need to change your target library? Try changing the 'lib' compiler option to include 'dom'.
src/renderer/scripts/app.ts(508,5): error TS2584: Cannot find name 'document'. Do you need to change your target library? Try changing the 'lib' compiler option to include 'dom'.
src/renderer/scripts/app.ts(522,1): error TS2584: Cannot find name 'document'. Do you need to change your target library? Try changing the 'lib' compiler option to include 'dom'.
src/renderer/scripts/app.ts(523,1): error TS2584: Cannot find name 'document'. Do you need to change your target library? Try changing the 'lib' compiler option to include 'dom'.
src/renderer/scripts/app.ts(523,81): error TS2554: Expected 1 arguments, but got 0.
src/renderer/scripts/app.ts(524,1): error TS2584: Cannot find name 'document'. Do you need to change your target library? Try changing the 'lib' compiler option to include 'dom'.
src/renderer/scripts/app.ts(525,5): error TS2584: Cannot find name 'document'. Do you need to change your target library? Try changing the 'lib' compiler option to include 'dom'.
src/renderer/scripts/app.ts(528,1): error TS2584: Cannot find name 'document'. Do you need to change your target library? Try changing the 'lib' compiler option to include 'dom'.
src/renderer/scripts/app.ts(529,1): error TS2584: Cannot find name 'document'. Do you need to change your target library? Try changing the 'lib' compiler option to include 'dom'.
src/renderer/scripts/app.ts(529,77): error TS2554: Expected 1 arguments, but got 0.
src/renderer/scripts/app.ts(530,1): error TS2584: Cannot find name 'document'. Do you need to change your target library? Try changing the 'lib' compiler option to include 'dom'.
src/renderer/scripts/app.ts(530,79): error TS2554: Expected 1 arguments, but got 0.
src/renderer/scripts/app.ts(533,1): error TS2584: Cannot find name 'document'. Do you need to change your target library? Try changing the 'lib' compiler option to include 'dom'.
src/renderer/scripts/app.ts(534,19): error TS2584: Cannot find name 'document'. Do you need to change your target library? Try changing the 'lib' compiler option to include 'dom'.
src/renderer/scripts/app.ts(537,9): error TS2584: Cannot find name 'document'. Do you need to change your target library? Try changing the 'lib' compiler option to include 'dom'.
src/renderer/scripts/app.ts(543,1): error TS2584: Cannot find name 'document'. Do you need to change your target library? Try changing the 'lib' compiler option to include 'dom'.
src/renderer/scripts/app.ts(544,19): error TS2584: Cannot find name 'document'. Do you need to change your target library? Try changing the 'lib' compiler option to include 'dom'.
src/renderer/scripts/app.ts(552,1): error TS2584: Cannot find name 'document'. Do you need to change your target library? Try changing the 'lib' compiler option to include 'dom'.
src/renderer/scripts/app.ts(552,67): error TS7006: Parameter 'e' implicitly has an 'any' type.
src/renderer/scripts/app.ts(555,9): error TS2584: Cannot find name 'document'. Do you need to change your target library? Try changing the 'lib' compiler option to include 'dom'.
src/renderer/scripts/app.ts(559,24): error TS7006: Parameter 'message' implicitly has an 'any' type.
src/renderer/scripts/app.ts(560,22): error TS2584: Cannot find name 'document'. Do you need to change your target library? Try changing the 'lib' compiler option to include 'dom'.
src/renderer/scripts/app.ts(563,21): error TS2584: Cannot find name 'document'. Do you need to change your target library? Try changing the 'lib' compiler option to include 'dom'.
src/renderer/scripts/app.ts(573,23): error TS2584: Cannot find name 'document'. Do you need to change your target library? Try changing the 'lib' compiler option to include 'dom'.
src/renderer/scripts/app.ts(589,21): error TS7006: Parameter 'text' implicitly has an 'any' type.
src/renderer/scripts/app.ts(590,17): error TS2584: Cannot find name 'document'. Do you need to change your target library? Try changing the 'lib' compiler option to include 'dom'.
src/renderer/scripts/app.ts(600,32): error TS7006: Parameter '_' implicitly has an 'any' type.
src/renderer/scripts/app.ts(600,35): error TS7006: Parameter 'path' implicitly has an 'any' type.
src/renderer/scripts/app.ts(601,30): error TS7006: Parameter '_' implicitly has an 'any' type.
src/renderer/scripts/app.ts(601,33): error TS7006: Parameter 'path' implicitly has an 'any' type.
src/renderer/scripts/app.ts(605,5): error TS2584: Cannot find name 'document'. Do you need to change your target library? Try changing the 'lib' compiler option to include 'dom'.
src/renderer/scripts/app.ts(608,5): error TS2584: Cannot find name 'document'. Do you need to change your target library? Try changing the 'lib' compiler option to include 'dom'.
src/renderer/scripts/app.ts(611,9): error TS7005: Variable 'currentProjectPath' implicitly has an 'any' type.
src/renderer/scripts/app.ts(628,1): error TS2584: Cannot find name 'document'. Do you need to change your target library? Try changing the 'lib' compiler option to include 'dom'.
src/renderer/scripts/app.ts(629,10): error TS7005: Variable 'currentProjectPath' implicitly has an 'any' type.
src/renderer/scripts/app.ts(643,1): error TS2584: Cannot find name 'document'. Do you need to change your target library? Try changing the 'lib' compiler option to include 'dom'.
src/renderer/scripts/app.ts(647,1): error TS2584: Cannot find name 'document'. Do you need to change your target library? Try changing the 'lib' compiler option to include 'dom'.
src/renderer/scripts/app.ts(655,1): error TS2584: Cannot find name 'document'. Do you need to change your target library? Try changing the 'lib' compiler option to include 'dom'.
